// Jest Snapshot v1, https://goo.gl/fbAQLP

exports[`<RepoItem /> matches snapshot 1`] = `
<div>
  <a
    aria-label="Go to react branches"
    href="/branches/facebook/react"
    onClick={[Function]}
  >
    react
  </a>
  <p>
    A declarative, efficient, and flexible JavaScript library for building user interfaces.
  </p>
  <span>
    Language: 
    <strong>
      JavaScript
    </strong>
  </span>
   | 
  <span>
    Stars: 
    <strong>
      122084
    </strong>
  </span>
   | 
  <span>
    Forks: 
    <strong>
      22134
    </strong>
  </span>
</div>
`;
